==2560151== Memcheck, a memory error detector
==2560151== Copyright (C) 2002-2017, and GNU GPL'd, by Julian Seward et al.
==2560151== Using Valgrind-3.18.1 and LibVEX; rerun with -h for copyright info
==2560151== Command: ./minishell
==2560151== Parent PID: 2560150
==2560151== 
==2560151== 
==2560151== FILE DESCRIPTORS: 9 open (3 std) at exit.
==2560151== Open file descriptor 103: /usr/share/code/v8_context_snapshot.bin
==2560151==    <inherited from parent>
==2560151== 
==2560151== Open file descriptor 46: /dev/ptmx
==2560151==    <inherited from parent>
==2560151== 
==2560151== Open file descriptor 45: /dev/ptmx
==2560151==    <inherited from parent>
==2560151== 
==2560151== Open file descriptor 44: /dev/ptmx
==2560151==    <inherited from parent>
==2560151== 
==2560151== Open file descriptor 43: /home/gvalente/.config/Code/logs/20250304T140823/ptyhost.log
==2560151==    <inherited from parent>
==2560151== 
==2560151== Open file descriptor 3: /home/gvalente/Desktop/42_Projects/core_3/Minishell/ressources/leaks.log
==2560151==    <inherited from parent>
==2560151== 
==2560151== 
==2560151== HEAP SUMMARY:
==2560151==     in use at exit: 234,624 bytes in 1,941 blocks
==2560151==   total heap usage: 4,514 allocs, 2,573 frees, 502,520 bytes allocated
==2560151== 
==2560151== LEAK SUMMARY:
==2560151==    definitely lost: 0 bytes in 0 blocks
==2560151==    indirectly lost: 0 bytes in 0 blocks
==2560151==      possibly lost: 0 bytes in 0 blocks
==2560151==    still reachable: 0 bytes in 0 blocks
==2560151==         suppressed: 234,624 bytes in 1,941 blocks
==2560151== 
==2560151== For lists of detected and suppressed errors, rerun with: -s
==2560151== ERROR SUMMARY: 0 errors from 0 contexts (suppressed: 0 from 0)
